﻿
> @figma/my-make-file@0.0.1 build
> vite build

[36mvite v6.3.5 [32mbuilding for production...[36m[39m
transforming...
[32mΓ£ô[39m 231 modules transformed.
node.exe : [31mΓ£ù[39m Build failed in 
5.19s
At C:\Program Files\nodejs\npm.ps1:29 char:3
+   & $NODE_EXE $NPM_CLI_JS $args
+   ~~~~~~~~~~~~~~~~~~~~~~~~~~~~~
    + CategoryInfo          : NotSpecified: 
    ([31mΓ£ù[39m Build failed in 5.19s:S  
  tring) [], RemoteException
    + FullyQualifiedErrorId : NativeCommand 
   Error
 
[31merror during build:
[31m[vite]: Rollup failed to resolve 
import "framer-motion" from "C:/Users/HP/One
Drive/Desktop/Projects/AntiGravity - Google 
- Projects/SubPool/src/app/pages/SavingsPage
.tsx".
This is most likely unintended because it 
can break your application at runtime.
If you do want to externalize this module 
explicitly add it to
`build.rollupOptions.external`[31m
    at viteLog (file:///C:/Users/HP/OneDrive
/Desktop/Projects/AntiGravity%20-%20Google%2
0-%20Projects/SubPool/node_modules/.pnpm/vit
e@6.3.5_@types+node@25.3.0_jiti@2.6.1_lightn
ingcss@1.30.1/node_modules/vite/dist/node/ch
unks/dep-DBxKXgDP.js:46345:15)
    at file:///C:/Users/HP/OneDrive/Desktop/
Projects/AntiGravity%20-%20Google%20-%20Proj
ects/SubPool/node_modules/.pnpm/vite@6.3.5_@
types+node@25.3.0_jiti@2.6.1_lightningcss@1.
30.1/node_modules/vite/dist/node/chunks/dep-
DBxKXgDP.js:46403:18
    at onwarn (file:///C:/Users/HP/OneDrive/
Desktop/Projects/AntiGravity%20-%20Google%20
-%20Projects/SubPool/node_modules/.pnpm/@vit
ejs+plugin-react@4.7.0__330404b3e36abfd81ee2
e596b06fa0b4/node_modules/@vitejs/plugin-rea
ct/dist/index.js:90:7)
    at file:///C:/Users/HP/OneDrive/Desktop/
Projects/AntiGravity%20-%20Google%20-%20Proj
ects/SubPool/node_modules/.pnpm/vite@6.3.5_@
types+node@25.3.0_jiti@2.6.1_lightningcss@1.
30.1/node_modules/vite/dist/node/chunks/dep-
DBxKXgDP.js:46401:7
    at onRollupLog (file:///C:/Users/HP/OneD
rive/Desktop/Projects/AntiGravity%20-%20Goog
le%20-%20Projects/SubPool/node_modules/.pnpm
/vite@6.3.5_@types+node@25.3.0_jiti@2.6.1_li
ghtningcss@1.30.1/node_modules/vite/dist/nod
e/chunks/dep-DBxKXgDP.js:46393:5)
    at onLog (file:///C:/Users/HP/OneDrive/D
esktop/Projects/AntiGravity%20-%20Google%20-
%20Projects/SubPool/node_modules/.pnpm/vite@
6.3.5_@types+node@25.3.0_jiti@2.6.1_lightnin
gcss@1.30.1/node_modules/vite/dist/node/chun
ks/dep-DBxKXgDP.js:46043:7)
    at file:///C:/Users/HP/OneDrive/Desktop/
Projects/AntiGravity%20-%20Google%20-%20Proj
ects/SubPool/node_modules/.pnpm/rollup@4.57.
1/node_modules/rollup/dist/es/shared/node-en
try.js:20958:32
    at Object.logger [as onLog] (file:///C:/
Users/HP/OneDrive/Desktop/Projects/AntiGravi
ty%20-%20Google%20-%20Projects/SubPool/node_
modules/.pnpm/rollup@4.57.1/node_modules/rol
lup/dist/es/shared/node-entry.js:22945:9)
    at ModuleLoader.handleInvalidResolvedId 
(file:///C:/Users/HP/OneDrive/Desktop/Projec
ts/AntiGravity%20-%20Google%20-%20Projects/S
ubPool/node_modules/.pnpm/rollup@4.57.1/node
_modules/rollup/dist/es/shared/node-entry.js
:21689:26)
    at file:///C:/Users/HP/OneDrive/Desktop/
Projects/AntiGravity%20-%20Google%20-%20Proj
ects/SubPool/node_modules/.pnpm/rollup@4.57.
1/node_modules/rollup/dist/es/shared/node-en
try.js:21647:26[39m
